
<div class="col-lg-2 col-md-3 col-sm-3 col-xs-6">




>>> Product.objects.get(id=1).price_purchase
Decimal('58.00')

>>> Product.objects.get(id=1).price_retail
Decimal('0.00')

>>> Rates.objects.get(id=1).usd
Decimal('28.46')

>>> Product.objects.get(id=1).interest
Decimal('0.00')

------------------

http://content.finance.ua/ru/xml/currency-cash  rкурс валют JSON XML

------------------


Инструменты:
импорт csv в модель django  https://django-adaptors.readthedocs.io/en/latest/

Древовидные структуры данных в Django  https://proft.me/2010/09/7/drevovidnye-struktury-dannyh-v-django/  https://djangopy.org/how-to/how-to-implement-categories-in-django/
Как начать Django проект, который можно масштабировать https://apirobot.me/posts/how-to-start-django-project-that-scales#%D0%B7%D0%B0%D0%BA%D0%BB%D1%8E%D1%87%D0%B5%D0%BD%D0%B8%D0%B5

"Step by step form wizard " https://bootsnipp.com/snippets/j6rkb
"eCommerce Product Detail" https://bootsnipp.com/snippets/featured/ecommerce-product-detail


NAVBAR
"Toggle navbar with Slide Down Animation" https://bootsnipp.com/snippets/featured/toggle-navbar-with-slide-down-animation

Широкое меню
"overview with navbar" https://bootsnipp.com/snippets/mMEgM 
"Navbar 2.0" https://bootsnipp.com/snippets/gmyP1

"Animated Brand in Navbar" https://bootsnipp.com/snippets/rv7WR

https://bootsnipp.com/grafreez Красивые шаблоны
https://bootsnipp.com/snippets/xrXp9 продукт кард
https://bootsnipp.com/TPHP почти полный интернет магазин!

https://code.google.com/archive/p/django-autocomplete/ AutoComplete for ForeignKey and ManyToManyField !!!

"page" https://bootsnipp.com/snippets/BEyRr Ухты))

Accordion List with Nested Tabbed Elements and Tables https://bootsnipp.com/snippets/6X3RP


"profile" https://bootsnipp.com/snippets/4Mm5R
------------------------------

https://itchief.ru/bootstrap/images Bootstrap - CSS классы для изображений

пример сайта https://brain.com.ua/ukr/category/Barabany-c7814-104/#grid
https://djangosnippets.org/snippets/362/


Использование Celery с Django для обработки фоновых задач
https://code.tutsplus.com/ru/tutorials/using-celery-with-django-for-background-task-processing--cms-28732

Продающий интернет магазин
https://poltor.com/stati/sekrety-sozdaniya-prodayushhego-internet-magazina.html
https://secl.com.ua/publikacii.html


SEO Перенос сайта на новую CMS без потери позиций и трафика: как подготовить ТЗ программисту
https://netpeak.net/ru/blog/perenos-saita-na-novuyu-cms-bez-poteri-pozitsii-i-trafika-kak-podgotovit-tz-programmistu/


https://itchief.ru/bootstrap/spacing-v4 Страт по bootstrap	

------------------------------
>>>ord=Order.objects.get(id=28)
>>> ord.items.all()
<QuerySet [<OrderItem: 28>, <OrderItem: 29>, <OrderItem: 30>]>

>>> ord.items.all()[1]
<OrderItem: 29>

>>> ord.items.all()[1].product
<Product: Резак Agent GL 310>

>>> ord.items.all()[1].quantity
2

>>> ord.items.all()[1].price
Decimal('616.00')

>>> ord.items.all()[1].get_cost()
Decimal('1232.00')

<Order: Заказ: 28>
>>> ord.get_total_cost()

-----------------------------
 Отправка EMail Django
https://godjango.com/19-using-templates-for-sending-emails/
https://stackoverflow.com/questions/2809547/creating-email-templates-with-django


html color
https://www.hexcolortool.com/
http://html-color.org/

Как создать адаптивную сетку https://medium.com/web-standards/responsive-grid-system-89d07e48a564
http://css-live.ru/articles/krasivoe-vyravnivanie-blokov-po-rezinovoj-setke.html

https://habr.com/post/252181/
5 техник работы с flexbox, о которых стоит знать веб-разработчику
https://proglib.io/p/5-flexbox-techniques/
Понимание CSS сеток с нуля
https://medium.com/@dedguran/%D0%BF%D0%BE%D0%BD%D0%B8%D0%BC%D0%B0%D0%BD%D0%B8%D0%B5-css-%D1%81%D0%B5%D1%82%D0%BE%D0%BA-%D1%81-%D0%BD%D1%83%D0%BB%D1%8F-3bcf28b906f8

--------------------------

Postgres:

root@ho:/home/iv/project/virt-shop/orten# apt-get install postgresql postgresql-server-dev-9.6
root@iv:/home/iv/project/virtshop# sudo -u postgres psql
psql (9.6.10)
postgres=# CREATE DATABASE orten_db;
CREATE DATABASE
postgres=# CREATE USER iv WITH PASSWORD '1234';
postgres=# DROP USER iv
postgres=# CREATE USER iv WITH PASSWORD '1234';
CREATE ROLE
postgres=# ALTER ROLE iv SET client_encoding TO 'utf8';
ALTER ROLE
postgres=# ALTER ROLE iv SET default_transaction_isolation TO 'read committed';
ALTER ROLE
postgres=# ALTER ROLE iv SET timezone TO 'UTC';
ALTER ROLE
postgres=# GRANT ALL PRIVILEGES ON DATABASE orten_db TO iv;
GRANT
postgres=# \q
root@iv:/home/iv/project/virtshop# exit
(virtshop) iv@iv:~/project/virtshop$ cd orten/
(virt-shop) iv@ho:~/project/virt-shop/orten$ pip install psycopg2-binary psycopg2


DATABASES = {
    'default': {
        'ENGINE': 'django.db.backends.postgresql_psycopg2',
        'NAME': 'orten_db',
        'USER' : 'iv',
        'PASSWORD' : '1234',
        'HOST' : '127.0.0.1',
        'PORT' : '5432',
    }
}


(virtshop) iv@iv:~/project/virtshop/orten$ ./manage.py migrate
(virt-shop) iv@ho:~/project/virt-shop/orten$ ./manage.py createsuperuser					






http://qaru.site/questions/417796/how-can-i-make-bootstrap-4-cards-all-the-same-height !!!!!!!!!!!!

https://jsfiddle.net/aack5roj/ !!!!!!!!!!
https://toster.ru/q/399738

https://djbook.ru/forum/topic/4259/

Я не собираюсь оценивать варианты во время импорта, именно поэтому я создал отдельную функцию, которая генерирует список вариантов:

def get_choices():
    return [(...) for x in SomeModel.objects.filter(...).order_by(...)]

class SomeFilterSet(django_filters.FilterSet):
    field = django_filters.ChoiceField(
        choices=get_choices,  # not calling it here
    )
    class Meta:
        ...
Я ожидаю, choicesчто его оценивают при создании экземпляра набора фильтров или при вызове самого фильтра, но вместо этого он оценивается по определению фильтра, прямо здесь __init__:

http://qaru.site/questions/417796/how-can-i-make-bootstrap-4-cards !!!!!!!!!!!

FILTERS:
django_filters.ChoiceFilter( choices = choice_list, widget = django_filters.widgets.LinkWidget )
https://simpleisbetterthancomplex.com/tutorial/2016/11/28/how-to-filter-querysets-dynamically.html
https://simpleisbetterthancomplex.com/questions/2017/03/22/how-to-dynamically-filter-modelchoices-queryset-in-a-modelform.html
https://it4it.ru/2012/08/08/dinamicheskij-choicefield-v-django-forms/
http://qaru.site/questions/2209465/how-to-get-one-field-from-model-in-django 
https://stackoverrun.com/ru/q/13016207
Product.objects.values_list("vendor", flat=True)
<QuerySet ['Konica Minolta', 'Agent', 'Тест', 'Тест', '', 'Тест', 'Тест']>
https://stackoverflow.com/questions/2122461/django-filters-using-an-allvaluesfilter-with-a-linkwidget-on-a-manytomanyfie filters !!!!
https://stackoverrun.com/ru/q/13016207

ELASTIC 
https://techstricks.com/django-haystack-and-elasticsearch-tutorial/

haystack+solr
https://djbook.ru/examples/68/

справочник по классам
https://bootstrapcreative.com/resources/bootstrap-4-css-classes-index/
------------------------------
https://medium.com/@pauloxnet/full-text-search-in-django-with-postgresql-4e3584dee4ae
https://docs.djangoproject.com/en/2.1/ref/contrib/postgres/search/

from django.contrib.postgres.search import SearchVector

search_vector = SearchVector('body_text', 'blog__name')
Entry.objects.annotate(search=search_vector).filter(search='Cheese').values_list('headline', flat=True))

Entry.objects.filter(body_text__search = 'Cheese').values_list('headline', flat = True))

from django.contrib.postgres.search import SearchVector
search_vector = SearchVector('body_text', 'blog__name')
Entry.objects.annotate(search=search_vector).filter(search='Cheese').values_list('headline', flat=True))

>>> Author.objects.create(name='Katy Stevens')
>>> Author.objects.create(name='Stephen Keats')
>>> test = 'Katie Stephens'

Author.objects.annotate(similarity=TrigramSimilarity('name', test),).filter(similarity__gt=0.3).order_by('-similarity')

Product.objects.annotate(search=SearchVector('vendor_code', 'name', 'description'),).filter(search='ga-780')



http://127.0.0.1:8000/product_list/?page=10&search=%D1%84%D0%BE%D1%82%D0%BE%D0%B1%D0%B0%D1%80%D0%B0%D0%B1%D0%B0%D0%BD&price__gt=&price__lt=&category=&vendor=%D0%95%D0%A1%D0%9A%D0%9E&type_product=



https://books.agiliq.com/projects/django-orm-cookbook/en/latest/

Django - Fast Search With Elasticsearch (Tutorial)
https://www.youtube.com/watch?v=cXYVE28igkE https://samulinatri.com/blog/django-elasticsearch/
https://medium.com/@giopag81/how-to-create-a-django-search-only-app-for-elasticsearch-part-1-e1dc84da482f
https://techstricks.com/django-haystack-and-elasticsearch-tutorial/
https://habr.com/ru/company/digdes/blog/351002/
https://www.quora.com/How-do-I-retrieve-more-than-10000-records-in-elastic-search How do I retrieve more than 10000 records in elastic search?
https://tryolabs.com/blog/2015/02/17/python-elasticsearch-first-steps/ Python + Elasticsearch. First steps.
https://medium.com/@harshvb7/managing-elasticsearch-in-django-like-a-pro-adfcd984920d Managing Elasticsearch in Django like a pro
https://towardsdatascience.com/getting-started-with-elasticsearch-in-python-c3598e718380 Getting started with Elasticsearch in Python
https://www.codementor.io/samueljames/using-django-with-elasticsearch-logstash-and-kibana-elk-stack-9l4fwx138 Using Django with Elasticsearch, Logstash, and Kibana (ELK Stack)
https://www.merixstudio.com/blog/elasticsearch-django-rest-framework/ How to use Elasticsearch with Django and REST Framework
https://djangotricks.blogspot.com/2018/06/data-filtering-in-a-django-website-using-elasticsearch.html Data Filtering in a Django Website using Elasticsearch
towardsdatascience.com/getting-started-with-elasticsearch-in-python-c3598e718380 Getting started with Elasticsearch in Python

https://medium.com/@ruhshan_ahmed/django-watson-search-made-easy-ee8c986d9f2 This is why you should use Django-Watson

http://blog.lotech.org/postgres-full-text-search-with-django.html Postgres Full-Text Search With Django

https://foundation.zurb.com/building-blocks/blocks/multilevel-accordion-menu.html САЙТБАР

КЕШ
https://docs.djangoproject.com/en/2.1/topics/cache/
https://hashedin.com/blog/caching-for-your-django-application-using-django-redis/
https://code.tutsplus.com/ru/tutorials/how-to-cache-using-redis-in-django-applications--cms-30178
http://www.ilian.io/caching-websites-with-django-and-memcached/


Редирект oldUrls
https://docs.djangoproject.com/en/2.1/ref/contrib/redirects/
https://simpleisbetterthancomplex.com/tips/2017/08/11/django-tip-21-redirects-app.html!!!

https://books.google.com.ua/books?id=cuh1DwAAQBAJ&pg=PA74&lpg=PA74&dq=meta-tags+mixin+django&source=bl&ots=uf1MdjuMa_&sig=ACfU3U0GtHWcVyBwHJfq5-3tRcrCAMQdgg&hl=ru&sa=X&ved=2ahUKEwiLzu_up7HgAhWmp4sKHfg0DGMQ6AEwCHoECAAQAQ#v=onepage&q=meta-tags%20mixin%20django&f=false

https://micropyramid.com/blog/handling-custom-error-pages-in-django/ HANDLING CUSTOM ERROR PAGES(404, 500) IN DJANGO

DEPLOI
https://habr.com/ru/post/226419/ Django на production. uWSGI + nginx. Подробное руководство
https://www.8host.com/blog/ustanovka-i-nastrojka-django-s-postgres-nginx-i-gunicorn/ Установка и настройка Django с Postgres, Nginx и Gunicorn
https://dzone.com/articles/a-performance-analysis-of-python-wsgi-servers-part A Performance Analysis of Python WSGI Servers: Part 2
https://www.digitalocean.com/community/tutorials/how-to-set-up-django-with-postgres-nginx-and-gunicorn-on-centos-7 How To Set Up Django with Postgres, Nginx, and Gunicorn on CentOS 7
https://djbook.ru/forum/topic/2416/  Django + Python3 + Nginx + Gunicorn + DO

Security
https://developer.mozilla.org/en-US/docs/Learn/Server-side/Django/web_application_security
https://docs.djangoproject.com/en/2.1/topics/security/
https://hackernoon.com/5-ways-to-make-django-admin-safer-eb7753698ac8
http://www.marinamele.com/2014/09/security-on-django-app-https-everywhere.html
https://hackernoon.com/securing-your-linux-web-server-2be683c223eb Securing your Linux web server
https://dzone.com/articles/protect-your-django-web-application-from-security-1

SEO
https://hallanalysis.com/json-ld-generator/
https://stackoverflow.com/questions/17944503/how-to-add-meta-keyword-with-django функция подсчета keywords

ДУБЛИ в БД
http://qaru.site/questions/256863/remove-duplicates-in-a-django-query
